'MakarLimanov.rankInfimumZero_of_extension_witnesses' depends on axioms: [propext, Classical.choice, Quot.sound]
'MakarLimanov.matrix_rank_add_le' depends on axioms: [propext, Classical.choice, Quot.sound]
'MakarLimanov.rank_coordinateProjection' depends on axioms: [propext, Classical.choice, Quot.sound]
'MakarLimanov.rank_le_boundary' depends on axioms: [propext, Classical.choice, Quot.sound]
'MakarLimanov.polynomial_system_descent' depends on axioms: [propext, Classical.choice, Quot.sound]
'MakarLimanov.matrix_rank_factorization' depends on axioms: [propext, Classical.choice, Quot.sound]
'MakarLimanov.map_free_eval' depends on axioms: [propext, Classical.choice, Quot.sound]
'MakarLimanov.factorization_descent' depends on axioms: [propext, Classical.choice, Quot.sound]
'MakarLimanov.matrix_rank_descent' depends on axioms: [propext, Classical.choice, Quot.sound]
'MakarLimanov.newton_budget' depends on axioms: [propext]
'MakarLimanov.denominator_bound' depends on axioms: [propext, Classical.choice, Quot.sound]
'MakarLimanov.finite_progress' depends on axioms: [propext, Classical.choice, Quot.sound]
'MakarLimanov.next_slope_degree_bound' depends on axioms: [propext, Classical.choice, Quot.sound]
'MakarLimanov.compressed_ratio_bound' depends on axioms: [propext, Classical.choice, Quot.sound]
'MakarLimanov.eval_abelianize' depends on axioms: [propext, Classical.choice, Quot.sound]
'MakarLimanov.polynomial_zero_of_nonunit' depends on axioms: [propext, Classical.choice, Quot.sound]
'MakarLimanov.scalar_zero_or_constant_abelianization' depends on axioms: [propext, Classical.choice, Quot.sound]
'MakarLimanov.originalConjecture_of_constant_abelianization' depends on axioms: [propext, Classical.choice, Quot.sound]
'MakarLimanov.eval_mul' depends on axioms: [propext, Classical.choice, Quot.sound]
'MakarLimanov.eval_generator' depends on axioms: [propext, Classical.choice, Quot.sound]
'MakarLimanov.eval_constant' depends on axioms: [propext, Classical.choice, Quot.sound]
'MakarLimanov.minRank_attained' depends on axioms: [propext, Classical.choice, Quot.sound]
'MakarLimanov.minRank_le' depends on axioms: [propext, Classical.choice, Quot.sound]
'MakarLimanov.minRank_le_size' depends on axioms: [propext, Classical.choice, Quot.sound]
'MakarLimanov.rankRatios_nonempty' depends on axioms: [propext, Classical.choice, Quot.sound]
'MakarLimanov.rankRatios_nonneg' depends on axioms: [propext, Classical.choice, Quot.sound]
'MakarLimanov.rankRatios_bddBelow' depends on axioms: [propext, Classical.choice, Quot.sound]
'MakarLimanov.rankInfimumZero_iff' depends on axioms: [propext, Classical.choice, Quot.sound]
'MakarLimanov.rankInfimumZero_of_quantitative_witnesses' depends on axioms: [propext, Classical.choice, Quot.sound]
'MakarLimanov.eval_scalar' depends on axioms: [propext, Classical.choice, Quot.sound]
'MakarLimanov.rankInfimumZero_of_scalar_zero' depends on axioms: [propext, Classical.choice, Quot.sound]
